src/it/resources/result/all_datatypes/cpp-headers/enum_data.hpp
src/it/resources/result/all_datatypes/cpp-headers/all_datatypes.hpp
src/it/resources/result/all_datatypes/java/EnumData.java
src/it/resources/result/all_datatypes/java/AllDatatypes.java
src/it/resources/result/all_datatypes/jni/djinni_jni_main.cpp
src/it/resources/result/all_datatypes/jni-headers/enum_data.hpp
src/it/resources/result/all_datatypes/jni-headers/all_datatypes.hpp
src/it/resources/result/all_datatypes/jni/all_datatypes.cpp
src/it/resources/result/all_datatypes/objc-headers/ITEnumData.h
src/it/resources/result/all_datatypes/objc-headers/ITAllDatatypes.h
src/it/resources/result/all_datatypes/objc/ITAllDatatypes.mm
src/it/resources/result/all_datatypes/objcpp-headers/ITEnumData+Private.h
src/it/resources/result/all_datatypes/objcpp-headers/ITAllDatatypes+Private.h
src/it/resources/result/all_datatypes/objcpp/ITAllDatatypes+Private.mm
src/it/resources/result/all_datatypes/objc-headers/bridging-header.h
