src/it/resources/result/my_enum/cpp-headers/my_enum.hpp
src/it/resources/result/my_enum/java/MyEnum.java
src/it/resources/result/my_enum/jni/djinni_jni_main.cpp
src/it/resources/result/my_enum/jni-headers/my_enum.hpp
src/it/resources/result/my_enum/objc-headers/ITMyEnum.h
src/it/resources/result/my_enum/objcpp-headers/ITMyEnum+Private.h
src/it/resources/result/my_enum/objc-headers/bridging-header.h
