src/it/resources/result/my_flags/cpp-headers/my_flags.hpp
src/it/resources/result/my_flags/java/MyFlags.java
src/it/resources/result/my_flags/jni/djinni_jni_main.cpp
src/it/resources/result/my_flags/jni-headers/my_flags.hpp
src/it/resources/result/my_flags/objc-headers/ITMyFlags.h
src/it/resources/result/my_flags/objcpp-headers/ITMyFlags+Private.h
src/it/resources/result/my_flags/objc-headers/bridging-header.h
