src/it/resources/result/using_custom_datatypes/cpp-headers/custom_datatype.hpp
src/it/resources/result/using_custom_datatypes/cpp-headers/other_record.hpp
src/it/resources/result/using_custom_datatypes/java/CustomDatatype.java
src/it/resources/result/using_custom_datatypes/java/OtherRecord.java
src/it/resources/result/using_custom_datatypes/jni/djinni_jni_main.cpp
src/it/resources/result/using_custom_datatypes/jni-headers/custom_datatype.hpp
src/it/resources/result/using_custom_datatypes/jni/custom_datatype.cpp
src/it/resources/result/using_custom_datatypes/jni-headers/other_record.hpp
src/it/resources/result/using_custom_datatypes/jni/other_record.cpp
src/it/resources/result/using_custom_datatypes/objc-headers/ITCustomDatatype.h
src/it/resources/result/using_custom_datatypes/objc/ITCustomDatatype.mm
src/it/resources/result/using_custom_datatypes/objc-headers/ITOtherRecord.h
src/it/resources/result/using_custom_datatypes/objc/ITOtherRecord.mm
src/it/resources/result/using_custom_datatypes/objcpp-headers/ITCustomDatatype+Private.h
src/it/resources/result/using_custom_datatypes/objcpp/ITCustomDatatype+Private.mm
src/it/resources/result/using_custom_datatypes/objcpp-headers/ITOtherRecord+Private.h
src/it/resources/result/using_custom_datatypes/objcpp/ITOtherRecord+Private.mm
src/it/resources/result/using_custom_datatypes/objc-headers/bridging-header.h
